// Jest Snapshot v1, https://goo.gl/fbAQLP

exports[`ProductCard snapshot 1`] = `
<DocumentFragment>
  <div
    class="max-w-sm bg-white border border-gray-200 rounded-lg shadow dark:bg-gray-800 dark:border-gray-700"
  >
    <img
      alt="Sample Product Logo"
      class="rounded-t-lg mx-auto"
      src="path/to/image.png"
      style="max-width: 100%; height: auto;"
    />
    <div
      class="p-5"
    >
      <h5
        class="mb-2 text-2xl font-bold tracking-tight text-gray-900 dark:text-white"
      >
        Sample Product
      </h5>
      <p
        class="mb-3 font-normal text-gray-700 dark:text-gray-400"
      >
        This is a sample product.
      </p>
      <p
        class="mb-3 font-normal text-gray-700 dark:text-gray-400"
      >
        Monthly Cost: Â£19.99
      </p>
      <p
        class="mb-3 font-normal text-gray-700 dark:text-gray-400"
      >
        Contract Length: 12 months
      </p>
      <button
        class="inline-flex items-center px-3 py-2 text-sm font-medium text-center text-white bg-blue-700 rounded-lg hover:bg-blue-800 focus:ring-4 focus:outline-none focus:ring-blue-300 dark:bg-blue-600 dark:hover:bg-blue-700 dark:focus:ring-blue-800"
      >
        Add to Basket
      </button>
    </div>
  </div>
</DocumentFragment>
`;
